   313.023      9.014      1.302      1.397      4.576      2.838
   875.979    766.024    -32.474    -25.195     -4.301      4.844
   512.017    214.989   -207.071   1013.766      3.398     -2.226
   234.008     45.986    203.539     90.508      1.619     -2.844
   842.002    746.979     68.020  -1324.000      0.428     -4.247
   502.013    248.995   7322.375   -747.432      2.649     -1.026
   921.994    187.981 -90917.239 144519.826     -1.170     -3.831
   865.008    280.009  83561.549 -143528.871      1.689      1.866
STATUS=PASSED
