[node059:30613] *** An error occurred in MPI_Gather
[node059:30613] *** reported by process [1260257281,0]
[node059:30613] *** on communicator MPI_COMM_WORLD
[node059:30613] *** MPI_ERR_TRUNCATE: message truncated
[node059:30613] *** MPI_ERRORS_ARE_FATAL (processes in this communicator will now abort,
[node059:30613] ***    and potentially your MPI job)
STATUS=PASSED
