[node059:31372] *** An error occurred in MPI_Gather
[node059:31372] *** reported by process [1189216257,0]
[node059:31372] *** on communicator MPI_COMM_WORLD
[node059:31372] *** MPI_ERR_TRUNCATE: message truncated
[node059:31372] *** MPI_ERRORS_ARE_FATAL (processes in this communicator will now abort,
[node059:31372] ***    and potentially your MPI job)
STATUS=PASSED
