   313.023      9.014     -0.579      9.336      4.575      2.840
   875.978    766.024   -503.321   -285.733     -4.339      4.824
   512.017    214.989  -3856.220  13162.772      3.368     -2.135
   234.008     45.986   1301.622    976.752      1.619     -2.844
   842.002    746.979    447.577    215.469      0.428     -4.245
   502.013    248.995   3857.336 -12252.732      2.646     -1.027
STATUS=PASSED
